src/components/pages/AdminDashboard.tsx(1812,59): error TS2345: Argument of type '{ appointmentId: string; diagnosis: string; medicinesText: string; }' is not assignable to parameter of type 'SetStateAction<{ appointmentId: string; diagnosis: string; ayurvedicSuggestions: string; dietPlan: string; medicinesText: string; signedBy: string; }>'.
  Type '{ appointmentId: string; diagnosis: string; medicinesText: string; }' is missing the following properties from type '{ appointmentId: string; diagnosis: string; ayurvedicSuggestions: string; dietPlan: string; medicinesText: string; signedBy: string; }': ayurvedicSuggestions, dietPlan, signedBy
src/components/pages/AdminDashboard.tsx(1895,277): error TS2345: Argument of type '{ name: string; price: string; stock: string; }' is not assignable to parameter of type 'SetStateAction<{ name: string; price: string; stock: string; category: string; }>'.
  Property 'category' is missing in type '{ name: string; price: string; stock: string; }' but required in type '{ name: string; price: string; stock: string; category: string; }'.
src/components/pages/AdminDashboard.tsx(2010,231): error TS2345: Argument of type '{ title: string; slug: string; content: string; }' is not assignable to parameter of type 'SetStateAction<{ title: string; slug: string; content: string; category: string; }>'.
  Property 'category' is missing in type '{ title: string; slug: string; content: string; }' but required in type '{ title: string; slug: string; content: string; category: string; }'.
